Archive member included to satisfy reference by file (symbol)

c:/program files (x86)/atmel/studio/7.0/toolchain/avr8/avr8-gnu-toolchain/bin/../lib/gcc/avr/4.9.2/../../../../avr/lib/avr5\libm.a(addsf3.o)
                              PS3BT.o (__subsf3)
c:/program files (x86)/atmel/studio/7.0/toolchain/avr8/avr8-gnu-toolchain/bin/../lib/gcc/avr/4.9.2/../../../../avr/lib/avr5\libm.a(addsf3x.o)
                              c:/program files (x86)/atmel/studio/7.0/toolchain/avr8/avr8-gnu-toolchain/bin/../lib/gcc/avr/4.9.2/../../../../avr/lib/avr5\libm.a(addsf3.o) (__addsf3x)
c:/program files (x86)/atmel/studio/7.0/toolchain/avr8/avr8-gnu-toolchain/bin/../lib/gcc/avr/4.9.2/../../../../avr/lib/avr5\libm.a(atan2.o)
                              PS3BT.o (atan2)
c:/program files (x86)/atmel/studio/7.0/toolchain/avr8/avr8-gnu-toolchain/bin/../lib/gcc/avr/4.9.2/../../../../avr/lib/avr5\libm.a(atan.o)
                              c:/program files (x86)/atmel/studio/7.0/toolchain/avr8/avr8-gnu-toolchain/bin/../lib/gcc/avr/4.9.2/../../../../avr/lib/avr5\libm.a(atan2.o) (atan)
c:/program files (x86)/atmel/studio/7.0/toolchain/avr8/avr8-gnu-toolchain/bin/../lib/gcc/avr/4.9.2/../../../../avr/lib/avr5\libm.a(divsf3.o)
                              PS3BT.o (__divsf3)
c:/program files (x86)/atmel/studio/7.0/toolchain/avr8/avr8-gnu-toolchain/bin/../lib/gcc/avr/4.9.2/../../../../avr/lib/avr5\libm.a(divsf3x.o)
                              c:/program files (x86)/atmel/studio/7.0/toolchain/avr8/avr8-gnu-toolchain/bin/../lib/gcc/avr/4.9.2/../../../../avr/lib/avr5\libm.a(divsf3.o) (__divsf3x)
c:/program files (x86)/atmel/studio/7.0/toolchain/avr8/avr8-gnu-toolchain/bin/../lib/gcc/avr/4.9.2/../../../../avr/lib/avr5\libm.a(fixunssfsi.o)
                              funct.o (__fixunssfsi)
c:/program files (x86)/atmel/studio/7.0/toolchain/avr8/avr8-gnu-toolchain/bin/../lib/gcc/avr/4.9.2/../../../../avr/lib/avr5\libm.a(floatsisf.o)
                              funct.o (__floatunsisf)
c:/program files (x86)/atmel/studio/7.0/toolchain/avr8/avr8-gnu-toolchain/bin/../lib/gcc/avr/4.9.2/../../../../avr/lib/avr5\libm.a(fp_inf.o)
                              c:/program files (x86)/atmel/studio/7.0/toolchain/avr8/avr8-gnu-toolchain/bin/../lib/gcc/avr/4.9.2/../../../../avr/lib/avr5\libm.a(addsf3x.o) (__fp_inf)
c:/program files (x86)/atmel/studio/7.0/toolchain/avr8/avr8-gnu-toolchain/bin/../lib/gcc/avr/4.9.2/../../../../avr/lib/avr5\libm.a(fp_nan.o)
                              c:/program files (x86)/atmel/studio/7.0/toolchain/avr8/avr8-gnu-toolchain/bin/../lib/gcc/avr/4.9.2/../../../../avr/lib/avr5\libm.a(addsf3x.o) (__fp_nan)
c:/program files (x86)/atmel/studio/7.0/toolchain/avr8/avr8-gnu-toolchain/bin/../lib/gcc/avr/4.9.2/../../../../avr/lib/avr5\libm.a(fp_powser.o)
                              c:/program files (x86)/atmel/studio/7.0/toolchain/avr8/avr8-gnu-toolchain/bin/../lib/gcc/avr/4.9.2/../../../../avr/lib/avr5\libm.a(atan.o) (__fp_powser)
c:/program files (x86)/atmel/studio/7.0/toolchain/avr8/avr8-gnu-toolchain/bin/../lib/gcc/avr/4.9.2/../../../../avr/lib/avr5\libm.a(fp_pscA.o)
                              c:/program files (x86)/atmel/studio/7.0/toolchain/avr8/avr8-gnu-toolchain/bin/../lib/gcc/avr/4.9.2/../../../../avr/lib/avr5\libm.a(addsf3x.o) (__fp_pscA)
c:/program files (x86)/atmel/studio/7.0/toolchain/avr8/avr8-gnu-toolchain/bin/../lib/gcc/avr/4.9.2/../../../../avr/lib/avr5\libm.a(fp_pscB.o)
                              c:/program files (x86)/atmel/studio/7.0/toolchain/avr8/avr8-gnu-toolchain/bin/../lib/gcc/avr/4.9.2/../../../../avr/lib/avr5\libm.a(addsf3x.o) (__fp_pscB)
c:/program files (x86)/atmel/studio/7.0/toolchain/avr8/avr8-gnu-toolchain/bin/../lib/gcc/avr/4.9.2/../../../../avr/lib/avr5\libm.a(fp_round.o)
                              c:/program files (x86)/atmel/studio/7.0/toolchain/avr8/avr8-gnu-toolchain/bin/../lib/gcc/avr/4.9.2/../../../../avr/lib/avr5\libm.a(addsf3.o) (__fp_round)
c:/program files (x86)/atmel/studio/7.0/toolchain/avr8/avr8-gnu-toolchain/bin/../lib/gcc/avr/4.9.2/../../../../avr/lib/avr5\libm.a(fp_split3.o)
                              c:/program files (x86)/atmel/studio/7.0/toolchain/avr8/avr8-gnu-toolchain/bin/../lib/gcc/avr/4.9.2/../../../../avr/lib/avr5\libm.a(addsf3x.o) (__fp_split3)
c:/program files (x86)/atmel/studio/7.0/toolchain/avr8/avr8-gnu-toolchain/bin/../lib/gcc/avr/4.9.2/../../../../avr/lib/avr5\libm.a(fp_zero.o)
                              c:/program files (x86)/atmel/studio/7.0/toolchain/avr8/avr8-gnu-toolchain/bin/../lib/gcc/avr/4.9.2/../../../../avr/lib/avr5\libm.a(addsf3x.o) (__fp_zero)
c:/program files (x86)/atmel/studio/7.0/toolchain/avr8/avr8-gnu-toolchain/bin/../lib/gcc/avr/4.9.2/../../../../avr/lib/avr5\libm.a(inverse.o)
                              c:/program files (x86)/atmel/studio/7.0/toolchain/avr8/avr8-gnu-toolchain/bin/../lib/gcc/avr/4.9.2/../../../../avr/lib/avr5\libm.a(atan.o) (inverse)
c:/program files (x86)/atmel/studio/7.0/toolchain/avr8/avr8-gnu-toolchain/bin/../lib/gcc/avr/4.9.2/../../../../avr/lib/avr5\libm.a(mulsf3.o)
                              funct.o (__mulsf3)
c:/program files (x86)/atmel/studio/7.0/toolchain/avr8/avr8-gnu-toolchain/bin/../lib/gcc/avr/4.9.2/../../../../avr/lib/avr5\libm.a(mulsf3x.o)
                              c:/program files (x86)/atmel/studio/7.0/toolchain/avr8/avr8-gnu-toolchain/bin/../lib/gcc/avr/4.9.2/../../../../avr/lib/avr5\libm.a(atan.o) (__mulsf3x)
c:/program files (x86)/atmel/studio/7.0/toolchain/avr8/avr8-gnu-toolchain/bin/../lib/gcc/avr/4.9.2/../../../../avr/lib/avr5\libm.a(square.o)
                              c:/program files (x86)/atmel/studio/7.0/toolchain/avr8/avr8-gnu-toolchain/bin/../lib/gcc/avr/4.9.2/../../../../avr/lib/avr5\libm.a(atan.o) (square)
c:/program files (x86)/atmel/studio/7.0/toolchain/avr8/avr8-gnu-toolchain/bin/../lib/gcc/avr/4.9.2/avr5\libgcc.a(_exit.o)
                              C:/Program Files (x86)/Atmel/Studio/7.0/Packs/atmel/ATmega_DFP/1.1.130/gcc/dev/atmega328pb/avr5/crtatmega328pb.o (exit)
c:/program files (x86)/atmel/studio/7.0/toolchain/avr8/avr8-gnu-toolchain/bin/../lib/gcc/avr/4.9.2/avr5\libgcc.a(_tablejump2.o)
                              BTD.o (__tablejump2__)
c:/program files (x86)/atmel/studio/7.0/toolchain/avr8/avr8-gnu-toolchain/bin/../lib/gcc/avr/4.9.2/avr5\libgcc.a(_copy_data.o)
                              BTD.o (__do_copy_data)
c:/program files (x86)/atmel/studio/7.0/toolchain/avr8/avr8-gnu-toolchain/bin/../lib/gcc/avr/4.9.2/avr5\libgcc.a(_clear_bss.o)
                              funct.o (__do_clear_bss)
c:/program files (x86)/atmel/studio/7.0/toolchain/avr8/avr8-gnu-toolchain/bin/../lib/gcc/avr/4.9.2/avr5\libgcc.a(_adddi3.o)
                              funct.o (__adddi3)
c:/program files (x86)/atmel/studio/7.0/toolchain/avr8/avr8-gnu-toolchain/bin/../lib/gcc/avr/4.9.2/avr5\libgcc.a(_adddi3_s8.o)
                              funct.o (__adddi3_s8)
c:/program files (x86)/atmel/studio/7.0/toolchain/avr8/avr8-gnu-toolchain/bin/../lib/gcc/avr/4.9.2/avr5\libgcc.a(_cmpdi2.o)
                              funct.o (__cmpdi2)
c:/program files (x86)/atmel/studio/7.0/toolchain/avr8/avr8-gnu-toolchain/bin/../lib/gcc/avr/4.9.2/../../../../avr/lib/avr5\libc.a(strcat_P.o)
                              PS3BT.o (strcat_P)
c:/program files (x86)/atmel/studio/7.0/toolchain/avr8/avr8-gnu-toolchain/bin/../lib/gcc/avr/4.9.2/../../../../avr/lib/avr5\libc.a(strcpy_P.o)
                              PS3BT.o (strcpy_P)
c:/program files (x86)/atmel/studio/7.0/toolchain/avr8/avr8-gnu-toolchain/bin/../lib/gcc/avr/4.9.2/../../../../avr/lib/avr5\libc.a(strcmp.o)
                              funct.o (strcmp)
c:/program files (x86)/atmel/studio/7.0/toolchain/avr8/avr8-gnu-toolchain/bin/../lib/gcc/avr/4.9.2/../../../../avr/lib/avr5\libc.a(strncmp.o)
                              BTD.o (strncmp)

Discarded input sections

 .data          0x00000000        0x0 C:/Program Files (x86)/Atmel/Studio/7.0/Packs/atmel/ATmega_DFP/1.1.130/gcc/dev/atmega328pb/avr5/crtatmega328pb.o
 .bss           0x00000000        0x0 C:/Program Files (x86)/Atmel/Studio/7.0/Packs/atmel/ATmega_DFP/1.1.130/gcc/dev/atmega328pb/avr5/crtatmega328pb.o
 .text          0x00000000        0x0 BTD.o
 .data          0x00000000        0x0 BTD.o
 .bss           0x00000000        0x0 BTD.o
 .text._ZN3BTD3minEhh
                0x00000000        0xa BTD.o
 .text._ZN3BTD14ACL_event_taskEv
                0x00000000       0x3a BTD.o
 .text._ZN3BTD22hci_write_scan_disableEv
                0x00000000       0x1e BTD.o
 .text._ZN3BTD5BPollEv
                0x00000000       0x36 BTD.o
 .text._ZN3BTD24l2cap_connection_requestEjhPhj
                0x00000000       0x58 BTD.o
 .text._ZN3BTD26l2cap_information_responseEjhhh
                0x00000000       0x52 BTD.o
 .text._ZN3BTD9setBdaddrEPh
                0x00000000        0x2 BTD.o
 .text._ZN3BTD13setMoveBdaddrEPh
                0x00000000        0x2 BTD.o
 .text          0x00000000        0x0 funct.o
 .data          0x00000000        0x0 funct.o
 .bss           0x00000000        0x0 funct.o
 .text._Z11Init_PWM_T0h
                0x00000000       0x16 funct.o
 .text._Z11Init_PWM_T1h
                0x00000000       0x14 funct.o
 .text._Z11Init_PWM_T2h
                0x00000000       0x18 funct.o
 .text._Z11Init_CTC_T2h
                0x00000000       0x18 funct.o
 .text._Z8fanSpeedhhhh
                0x00000000       0x1a funct.o
 .text._Z9charToHexPc
                0x00000000       0x2a funct.o
 .text._Z9setTimer1jh
                0x00000000       0x44 funct.o
 .text._Z17receiveStringCRNLv
                0x00000000       0x80 funct.o
 .text._Z18printStringNewlinePc
                0x00000000       0x24 funct.o
 .text._Z16printStringCRNL0PKc
                0x00000000       0x2a funct.o
 .text._Z7BT_Initv
                0x00000000       0x12 funct.o
 .text._Z14USART0_Receivev
                0x00000000       0x1a funct.o
 .text._Z14USART1_Disablev
                0x00000000        0x6 funct.o
 .text._Z10relayUSARTv
                0x00000000       0x2e funct.o
 .text._Z9printCharh
                0x00000000        0x6 funct.o
 .text._Z14USART1_Receivev
                0x00000000       0x10 funct.o
 .text._Z8I2C_Inithh
                0x00000000       0x12 funct.o
 .text._Z9I2C_Writehhh
                0x00000000       0xc2 funct.o
 .text._Z5ERRORh
                0x00000000       0x18 funct.o
 .text._Z8I2C_Readhh
                0x00000000      0x23e funct.o
 .text._Z12holdPositionjj
                0x00000000       0x82 funct.o
 .text._Z18transmitSensorDatav
                0x00000000       0x60 funct.o
 .bss._ZZ17receiveStringCRNLvE3str
                0x00000000       0x32 funct.o
 .data._ZZ12holdPositionjjE3max
                0x00000000        0x1 funct.o
 .bss.HCI_AWAKE_RECEIVED
                0x00000000        0x1 funct.o
 .text          0x00000000        0x0 main.o
 .data          0x00000000        0x0 main.o
 .bss           0x00000000        0x0 main.o
 .bss.RESPONSE_AWAITING
                0x00000000        0x1 main.o
 .bss.EVENT_SERVICED
                0x00000000        0x1 main.o
 .group         0x00000000        0x8 PS3BT.o
 .group         0x00000000        0x8 PS3BT.o
 .text          0x00000000        0x0 PS3BT.o
 .data          0x00000000        0x0 PS3BT.o
 .bss           0x00000000        0x0 PS3BT.o
 .text._ZN5PS3BT14getButtonPressE10ButtonEnum
                0x00000000       0x38 PS3BT.o
 .text._ZN5PS3BT14getButtonClickE10ButtonEnum
                0x00000000       0x6c PS3BT.o
 .text._ZN5PS3BT15getAnalogButtonE10ButtonEnum
                0x00000000       0x16 PS3BT.o
 .text._ZN5PS3BT12getAnalogHatE13AnalogHatEnum
                0x00000000        0xa PS3BT.o
 .text._ZN5PS3BT9getSensorE10SensorEnum
                0x00000000       0x98 PS3BT.o
 .text._ZN5PS3BT8getAngleE9AngleEnum
                0x00000000      0x166 PS3BT.o
 .text._ZN5PS3BT13get9DOFValuesE10SensorEnum
                0x00000000       0xe0 PS3BT.o
 .text._ZN5PS3BT14getTemperatureEv
                0x00000000       0x16 PS3BT.o
 .text._ZN5PS3BT9getStatusE10StatusEnum
                0x00000000       0x14 PS3BT.o
 .text._ZN5PS3BT17printStatusStringEv
                0x00000000      0x24e PS3BT.o
 .text._ZN5PS3BT9setAllOffEv
                0x00000000       0x26 PS3BT.o
 .text._ZN5PS3BT12setRumbleOffEv
                0x00000000       0x4e PS3BT.o
 .text._ZN5PS3BT11setRumbleOnEhhhh
                0x00000000       0x52 PS3BT.o
 .text._ZN5PS3BT11setRumbleOnE10RumbleEnum
                0x00000000       0x1c PS3BT.o
 .text._ZN5PS3BT9setLedOffE7LEDEnum
                0x00000000       0x32 PS3BT.o
 .text._ZN5PS3BT12setLedToggleE7LEDEnum
                0x00000000       0x28 PS3BT.o
 .text._ZN5PS3BT13moveSetRumbleEh
                0x00000000       0x16 PS3BT.o
 .progmem.data._ZZN5PS3BT17printStatusStringEvE3__c_27
                0x00000000        0x8 PS3BT.o
 .progmem.data._ZZN5PS3BT17printStatusStringEvE3__c_26
                0x00000000        0x6 PS3BT.o
 .progmem.data._ZZN5PS3BT17printStatusStringEvE3__c_25
                0x00000000        0x5 PS3BT.o
 .progmem.data._ZZN5PS3BT17printStatusStringEvE3__c_24
                0x00000000        0x5 PS3BT.o
 .progmem.data._ZZN5PS3BT17printStatusStringEvE3__c_23
                0x00000000        0x4 PS3BT.o
 .progmem.data._ZZN5PS3BT17printStatusStringEvE3__c_22
                0x00000000        0x6 PS3BT.o
 .progmem.data._ZZN5PS3BT17printStatusStringEvE3__c_21
                0x00000000        0x9 PS3BT.o
 .progmem.data._ZZN5PS3BT17printStatusStringEvE3__c_20
                0x00000000        0xd PS3BT.o
 .progmem.data._ZZN5PS3BT17printStatusStringEvE3__c_19
                0x00000000        0x9 PS3BT.o
 .progmem.data._ZZN5PS3BT17printStatusStringEvE3__c_18
                0x00000000       0x10 PS3BT.o
 .progmem.data._ZZN5PS3BT17printStatusStringEvE3__c_17
                0x00000000        0x6 PS3BT.o
 .progmem.data._ZZN5PS3BT17printStatusStringEvE3__c_16
                0x00000000       0x1a PS3BT.o
 .progmem.data._ZZN5PS3BT17printStatusStringEvE3__c_15
                0x00000000       0x19 PS3BT.o
 .progmem.data._ZZN5PS3BT17printStatusStringEvE3__c_14
                0x00000000       0x16 PS3BT.o
 .progmem.data._ZZN5PS3BT17printStatusStringEvE3__c_13
                0x00000000       0x15 PS3BT.o
 .progmem.data._ZZN5PS3BT17printStatusStringEvE3__c_12
                0x00000000       0x14 PS3BT.o
 .progmem.data._ZZN5PS3BT17printStatusStringEvE3__c_11
                0x00000000        0x6 PS3BT.o
 .progmem.data._ZZN5PS3BT17printStatusStringEvE3__c_10
                0x00000000        0x5 PS3BT.o
 .progmem.data._ZZN5PS3BT17printStatusStringEvE3__c_9
                0x00000000        0x5 PS3BT.o
 .progmem.data._ZZN5PS3BT17printStatusStringEvE3__c_8
                0x00000000        0x4 PS3BT.o
 .progmem.data._ZZN5PS3BT17printStatusStringEvE3__c_7
                0x00000000        0x6 PS3BT.o
 .progmem.data._ZZN5PS3BT17printStatusStringEvE3__c_6
                0x00000000        0x9 PS3BT.o
 .progmem.data._ZZN5PS3BT17printStatusStringEvE3__c_5
                0x00000000        0xd PS3BT.o
 .progmem.data._ZZN5PS3BT17printStatusStringEvE3__c_4
                0x00000000        0x9 PS3BT.o
 .progmem.data._ZZN5PS3BT17printStatusStringEvE3__c_3
                0x00000000       0x11 PS3BT.o
 .progmem.data._ZZN5PS3BT17printStatusStringEvE3__c_2
                0x00000000        0x6 PS3BT.o
 .progmem.data._ZZN5PS3BT17printStatusStringEvE3__c_1
                0x00000000        0xa PS3BT.o
 .progmem.data._ZZN5PS3BT17printStatusStringEvE3__c_0
                0x00000000        0x8 PS3BT.o
 .progmem.data._ZZN5PS3BT17printStatusStringEvE3__c
                0x00000000       0x15 PS3BT.o
 .progmem.data._ZL18PS3_ANALOG_BUTTONS
                0x00000000       0x13 PS3BT.o
 .progmem.data._ZL11PS3_BUTTONS
                0x00000000       0x4c PS3BT.o
 .rodata._ZTV16BluetoothService
                0x00000000        0xe PS3BT.o
 .text          0x00000000        0x0 c:/program files (x86)/atmel/studio/7.0/toolchain/avr8/avr8-gnu-toolchain/bin/../lib/gcc/avr/4.9.2/../../../../avr/lib/avr5\libm.a(addsf3.o)
 .data          0x00000000        0x0 c:/program files (x86)/atmel/studio/7.0/toolchain/avr8/avr8-gnu-toolchain/bin/../lib/gcc/avr/4.9.2/../../../../avr/lib/avr5\libm.a(addsf3.o)
 .bss           0x00000000        0x0 c:/program files (x86)/atmel/studio/7.0/toolchain/avr8/avr8-gnu-toolchain/bin/../lib/gcc/avr/4.9.2/../../../../avr/lib/avr5\libm.a(addsf3.o)
 .text.avr-libc.fplib
                0x00000000        0xe c:/program files (x86)/atmel/studio/7.0/toolchain/avr8/avr8-gnu-toolchain/bin/../lib/gcc/avr/4.9.2/../../../../avr/lib/avr5\libm.a(addsf3.o)
 .text          0x00000000        0x0 c:/program files (x86)/atmel/studio/7.0/toolchain/avr8/avr8-gnu-toolchain/bin/../lib/gcc/avr/4.9.2/../../../../avr/lib/avr5\libm.a(addsf3x.o)
 .data          0x00000000        0x0 c:/program files (x86)/atmel/studio/7.0/toolchain/avr8/avr8-gnu-toolchain/bin/../lib/gcc/avr/4.9.2/../../../../avr/lib/avr5\libm.a(addsf3x.o)
 .bss           0x00000000        0x0 c:/program files (x86)/atmel/studio/7.0/toolchain/avr8/avr8-gnu-toolchain/bin/../lib/gcc/avr/4.9.2/../../../../avr/lib/avr5\libm.a(addsf3x.o)
 .text.avr-libc.fplib
                0x00000000       0xcc c:/program files (x86)/atmel/studio/7.0/toolchain/avr8/avr8-gnu-toolchain/bin/../lib/gcc/avr/4.9.2/../../../../avr/lib/avr5\libm.a(addsf3x.o)
 .text          0x00000000        0x0 c:/program files (x86)/atmel/studio/7.0/toolchain/avr8/avr8-gnu-toolchain/bin/../lib/gcc/avr/4.9.2/../../../../avr/lib/avr5\libm.a(atan2.o)
 .data          0x00000000        0x0 c:/program files (x86)/atmel/studio/7.0/toolchain/avr8/avr8-gnu-toolchain/bin/../lib/gcc/avr/4.9.2/../../../../avr/lib/avr5\libm.a(atan2.o)
 .bss           0x00000000        0x0 c:/program files (x86)/atmel/studio/7.0/toolchain/avr8/avr8-gnu-toolchain/bin/../lib/gcc/avr/4.9.2/../../../../avr/lib/avr5\libm.a(atan2.o)
 .text.avr-libc.fplib
                0x00000000       0x86 c:/program files (x86)/atmel/studio/7.0/toolchain/avr8/avr8-gnu-toolchain/bin/../lib/gcc/avr/4.9.2/../../../../avr/lib/avr5\libm.a(atan2.o)
 .text          0x00000000        0x0 c:/program files (x86)/atmel/studio/7.0/toolchain/avr8/avr8-gnu-toolchain/bin/../lib/gcc/avr/4.9.2/../../../../avr/lib/avr5\libm.a(atan.o)
 .data          0x00000000        0x0 c:/program files (x86)/atmel/studio/7.0/toolchain/avr8/avr8-gnu-toolchain/bin/../lib/gcc/avr/4.9.2/../../../../avr/lib/avr5\libm.a(atan.o)
 .bss           0x00000000        0x0 c:/program files (x86)/atmel/studio/7.0/toolchain/avr8/avr8-gnu-toolchain/bin/../lib/gcc/avr/4.9.2/../../../../avr/lib/avr5\libm.a(atan.o)
 .text.avr-libc.fplib
                0x00000000       0x5e c:/program files (x86)/atmel/studio/7.0/toolchain/avr8/avr8-gnu-toolchain/bin/../lib/gcc/avr/4.9.2/../../../../avr/lib/avr5\libm.a(atan.o)
 .progmem.gcc_fplib
                0x00000000       0x2d c:/program files (x86)/atmel/studio/7.0/toolchain/avr8/avr8-gnu-toolchain/bin/../lib/gcc/avr/4.9.2/../../../../avr/lib/avr5\libm.a(atan.o)
 .text          0x00000000        0x0 c:/program files (x86)/atmel/studio/7.0/toolchain/avr8/avr8-gnu-toolchain/bin/../lib/gcc/avr/4.9.2/../../../../avr/lib/avr5\libm.a(divsf3.o)
 .data          0x00000000        0x0 c:/program files (x86)/atmel/studio/7.0/toolchain/avr8/avr8-gnu-toolchain/bin/../lib/gcc/avr/4.9.2/../../../../avr/lib/avr5\libm.a(divsf3.o)
 .bss           0x00000000        0x0 c:/program files (x86)/atmel/studio/7.0/toolchain/avr8/avr8-gnu-toolchain/bin/../lib/gcc/avr/4.9.2/../../../../avr/lib/avr5\libm.a(divsf3.o)
 .text.avr-libc.fplib
                0x00000000        0x8 c:/program files (x86)/atmel/studio/7.0/toolchain/avr8/avr8-gnu-toolchain/bin/../lib/gcc/avr/4.9.2/../../../../avr/lib/avr5\libm.a(divsf3.o)
 .text          0x00000000        0x0 c:/program files (x86)/atmel/studio/7.0/toolchain/avr8/avr8-gnu-toolchain/bin/../lib/gcc/avr/4.9.2/../../../../avr/lib/avr5\libm.a(divsf3x.o)
 .data          0x00000000        0x0 c:/program files (x86)/atmel/studio/7.0/toolchain/avr8/avr8-gnu-toolchain/bin/../lib/gcc/avr/4.9.2/../../../../avr/lib/avr5\libm.a(divsf3x.o)
 .bss           0x00000000        0x0 c:/program files (x86)/atmel/studio/7.0/toolchain/avr8/avr8-gnu-toolchain/bin/../lib/gcc/avr/4.9.2/../../../../avr/lib/avr5\libm.a(divsf3x.o)
 .text.avr-libc.fplib
                0x00000000       0xdc c:/program files (x86)/atmel/studio/7.0/toolchain/avr8/avr8-gnu-toolchain/bin/../lib/gcc/avr/4.9.2/../../../../avr/lib/avr5\libm.a(divsf3x.o)
 .text          0x00000000        0x0 c:/program files (x86)/atmel/studio/7.0/toolchain/avr8/avr8-gnu-toolchain/bin/../lib/gcc/avr/4.9.2/../../../../avr/lib/avr5\libm.a(fixunssfsi.o)
 .data          0x00000000        0x0 c:/program files (x86)/atmel/studio/7.0/toolchain/avr8/avr8-gnu-toolchain/bin/../lib/gcc/avr/4.9.2/../../../../avr/lib/avr5\libm.a(fixunssfsi.o)
 .bss           0x00000000        0x0 c:/program files (x86)/atmel/studio/7.0/toolchain/avr8/avr8-gnu-toolchain/bin/../lib/gcc/avr/4.9.2/../../../../avr/lib/avr5\libm.a(fixunssfsi.o)
 .text.avr-libc.fplib
                0x00000000       0x5e c:/program files (x86)/atmel/studio/7.0/toolchain/avr8/avr8-gnu-toolchain/bin/../lib/gcc/avr/4.9.2/../../../../avr/lib/avr5\libm.a(fixunssfsi.o)
 .text          0x00000000        0x0 c:/program files (x86)/atmel/studio/7.0/toolchain/avr8/avr8-gnu-toolchain/bin/../lib/gcc/avr/4.9.2/../../../../avr/lib/avr5\libm.a(floatsisf.o)
 .data          0x00000000        0x0 c:/program files (x86)/atmel/studio/7.0/toolchain/avr8/avr8-gnu-toolchain/bin/../lib/gcc/avr/4.9.2/../../../../avr/lib/avr5\libm.a(floatsisf.o)
 .bss           0x00000000        0x0 c:/program files (x86)/atmel/studio/7.0/toolchain/avr8/avr8-gnu-toolchain/bin/../lib/gcc/avr/4.9.2/../../../../avr/lib/avr5\libm.a(floatsisf.o)
 .text.avr-libc.fplib
                0x00000000       0x7a c:/program files (x86)/atmel/studio/7.0/toolchain/avr8/avr8-gnu-toolchain/bin/../lib/gcc/avr/4.9.2/../../../../avr/lib/avr5\libm.a(floatsisf.o)
 .text          0x00000000        0x0 c:/program files (x86)/atmel/studio/7.0/toolchain/avr8/avr8-gnu-toolchain/bin/../lib/gcc/avr/4.9.2/../../../../avr/lib/avr5\libm.a(fp_inf.o)
 .data          0x00000000        0x0 c:/program files (x86)/atmel/studio/7.0/toolchain/avr8/avr8-gnu-toolchain/bin/../lib/gcc/avr/4.9.2/../../../../avr/lib/avr5\libm.a(fp_inf.o)
 .bss           0x00000000        0x0 c:/program files (x86)/atmel/studio/7.0/toolchain/avr8/avr8-gnu-toolchain/bin/../lib/gcc/avr/4.9.2/../../../../avr/lib/avr5\libm.a(fp_inf.o)
 .text.avr-libc.fplib
                0x00000000        0xc c:/program files (x86)/atmel/studio/7.0/toolchain/avr8/avr8-gnu-toolchain/bin/../lib/gcc/avr/4.9.2/../../../../avr/lib/avr5\libm.a(fp_inf.o)
 .text          0x00000000        0x0 c:/program files (x86)/atmel/studio/7.0/toolchain/avr8/avr8-gnu-toolchain/bin/../lib/gcc/avr/4.9.2/../../../../avr/lib/avr5\libm.a(fp_nan.o)
 .data          0x00000000        0x0 c:/program files (x86)/atmel/studio/7.0/toolchain/avr8/avr8-gnu-toolchain/bin/../lib/gcc/avr/4.9.2/../../../../avr/lib/avr5\libm.a(fp_nan.o)
 .bss           0x00000000        0x0 c:/program files (x86)/atmel/studio/7.0/toolchain/avr8/avr8-gnu-toolchain/bin/../lib/gcc/avr/4.9.2/../../../../avr/lib/avr5\libm.a(fp_nan.o)
 .text.avr-libc.fplib
                0x00000000        0x6 c:/program files (x86)/atmel/studio/7.0/toolchain/avr8/avr8-gnu-toolchain/bin/../lib/gcc/avr/4.9.2/../../../../avr/lib/avr5\libm.a(fp_nan.o)
 .text          0x00000000        0x0 c:/program files (x86)/atmel/studio/7.0/toolchain/avr8/avr8-gnu-toolchain/bin/../lib/gcc/avr/4.9.2/../../../../avr/lib/avr5\libm.a(fp_powser.o)
 .data          0x00000000        0x0 c:/program files (x86)/atmel/studio/7.0/toolchain/avr8/avr8-gnu-toolchain/bin/../lib/gcc/avr/4.9.2/../../../../avr/lib/avr5\libm.a(fp_powser.o)
 .bss           0x00000000        0x0 c:/program files (x86)/atmel/studio/7.0/toolchain/avr8/avr8-gnu-toolchain/bin/../lib/gcc/avr/4.9.2/../../../../avr/lib/avr5\libm.a(fp_powser.o)
 .text.avr-libc.fplib
                0x00000000       0x4e c:/program files (x86)/atmel/studio/7.0/toolchain/avr8/avr8-gnu-toolchain/bin/../lib/gcc/avr/4.9.2/../../../../avr/lib/avr5\libm.a(fp_powser.o)
 .text          0x00000000        0x0 c:/program files (x86)/atmel/studio/7.0/toolchain/avr8/avr8-gnu-toolchain/bin/../lib/gcc/avr/4.9.2/../../../../avr/lib/avr5\libm.a(fp_pscA.o)
 .data          0x00000000        0x0 c:/program files (x86)/atmel/studio/7.0/toolchain/avr8/avr8-gnu-toolchain/bin/../lib/gcc/avr/4.9.2/../../../../avr/lib/avr5\libm.a(fp_pscA.o)
 .bss           0x00000000        0x0 c:/program files (x86)/atmel/studio/7.0/toolchain/avr8/avr8-gnu-toolchain/bin/../lib/gcc/avr/4.9.2/../../../../avr/lib/avr5\libm.a(fp_pscA.o)
 .text.avr-libc.fplib
                0x00000000        0xe c:/program files (x86)/atmel/studio/7.0/toolchain/avr8/avr8-gnu-toolchain/bin/../lib/gcc/avr/4.9.2/../../../../avr/lib/avr5\libm.a(fp_pscA.o)
 .text          0x00000000        0x0 c:/program files (x86)/atmel/studio/7.0/toolchain/avr8/avr8-gnu-toolchain/bin/../lib/gcc/avr/4.9.2/../../../../avr/lib/avr5\libm.a(fp_pscB.o)
 .data          0x00000000        0x0 c:/program files (x86)/atmel/studio/7.0/toolchain/avr8/avr8-gnu-toolchain/bin/../lib/gcc/avr/4.9.2/../../../../avr/lib/avr5\libm.a(fp_pscB.o)
 .bss           0x00000000        0x0 c:/program files (x86)/atmel/studio/7.0/toolchain/avr8/avr8-gnu-toolchain/bin/../lib/gcc/avr/4.9.2/../../../../avr/lib/avr5\libm.a(fp_pscB.o)
 .text.avr-libc.fplib
                0x00000000        0xe c:/program files (x86)/atmel/studio/7.0/toolchain/avr8/avr8-gnu-toolchain/bin/../lib/gcc/avr/4.9.2/../../../../avr/lib/avr5\libm.a(fp_pscB.o)
 .text          0x00000000        0x0 c:/program files (x86)/atmel/studio/7.0/toolchain/avr8/avr8-gnu-toolchain/bin/../lib/gcc/avr/4.9.2/../../../../avr/lib/avr5\libm.a(fp_round.o)
 .data          0x00000000        0x0 c:/program files (x86)/atmel/studio/7.0/toolchain/avr8/avr8-gnu-toolchain/bin/../lib/gcc/avr/4.9.2/../../../../avr/lib/avr5\libm.a(fp_round.o)
 .bss           0x00000000        0x0 c:/program files (x86)/atmel/studio/7.0/toolchain/avr8/avr8-gnu-toolchain/bin/../lib/gcc/avr/4.9.2/../../../../avr/lib/avr5\libm.a(fp_round.o)
 .text.avr-libc.fplib
                0x00000000       0x22 c:/program files (x86)/atmel/studio/7.0/toolchain/avr8/avr8-gnu-toolchain/bin/../lib/gcc/avr/4.9.2/../../../../avr/lib/avr5\libm.a(fp_round.o)
 .text          0x00000000        0x0 c:/program files (x86)/atmel/studio/7.0/toolchain/avr8/avr8-gnu-toolchain/bin/../lib/gcc/avr/4.9.2/../../../../avr/lib/avr5\libm.a(fp_split3.o)
 .data          0x00000000        0x0 c:/program files (x86)/atmel/studio/7.0/toolchain/avr8/avr8-gnu-toolchain/bin/../lib/gcc/avr/4.9.2/../../../../avr/lib/avr5\libm.a(fp_split3.o)
 .bss           0x00000000        0x0 c:/program files (x86)/atmel/studio/7.0/toolchain/avr8/avr8-gnu-toolchain/bin/../lib/gcc/avr/4.9.2/../../../../avr/lib/avr5\libm.a(fp_split3.o)
 .text.avr-libc.fplib
                0x00000000       0x44 c:/program files (x86)/atmel/studio/7.0/toolchain/avr8/avr8-gnu-toolchain/bin/../lib/gcc/avr/4.9.2/../../../../avr/lib/avr5\libm.a(fp_split3.o)
 .text          0x00000000        0x0 c:/program files (x86)/atmel/studio/7.0/toolchain/avr8/avr8-gnu-toolchain/bin/../lib/gcc/avr/4.9.2/../../../../avr/lib/avr5\libm.a(fp_zero.o)
 .data          0x00000000        0x0 c:/program files (x86)/atmel/studio/7.0/toolchain/avr8/avr8-gnu-toolchain/bin/../lib/gcc/avr/4.9.2/../../../../avr/lib/avr5\libm.a(fp_zero.o)
 .bss           0x00000000        0x0 c:/program files (x86)/atmel/studio/7.0/toolchain/avr8/avr8-gnu-toolchain/bin/../lib/gcc/avr/4.9.2/../../../../avr/lib/avr5\libm.a(fp_zero.o)
 .text.avr-libc.fplib
                0x00000000        0xe c:/program files (x86)/atmel/studio/7.0/toolchain/avr8/avr8-gnu-toolchain/bin/../lib/gcc/avr/4.9.2/../../../../avr/lib/avr5\libm.a(fp_zero.o)
 .text          0x00000000        0x0 c:/program files (x86)/atmel/studio/7.0/toolchain/avr8/avr8-gnu-toolchain/bin/../lib/gcc/avr/4.9.2/../../../../avr/lib/avr5\libm.a(inverse.o)
 .data          0x00000000        0x0 c:/program files (x86)/atmel/studio/7.0/toolchain/avr8/avr8-gnu-toolchain/bin/../lib/gcc/avr/4.9.2/../../../../avr/lib/avr5\libm.a(inverse.o)
 .bss           0x00000000        0x0 c:/program files (x86)/atmel/studio/7.0/toolchain/avr8/avr8-gnu-toolchain/bin/../lib/gcc/avr/4.9.2/../../../../avr/lib/avr5\libm.a(inverse.o)
 .text.avr-libc.fplib
                0x00000000       0x10 c:/program files (x86)/atmel/studio/7.0/toolchain/avr8/avr8-gnu-toolchain/bin/../lib/gcc/avr/4.9.2/../../../../avr/lib/avr5\libm.a(inverse.o)
 .text          0x00000000        0x0 c:/program files (x86)/atmel/studio/7.0/toolchain/avr8/avr8-gnu-toolchain/bin/../lib/gcc/avr/4.9.2/../../../../avr/lib/avr5\libm.a(mulsf3.o)
 .data          0x00000000        0x0 c:/program files (x86)/atmel/studio/7.0/toolchain/avr8/avr8-gnu-toolchain/bin/../lib/gcc/avr/4.9.2/../../../../avr/lib/avr5\libm.a(mulsf3.o)
 .bss           0x00000000        0x0 c:/program files (x86)/atmel/studio/7.0/toolchain/avr8/avr8-gnu-toolchain/bin/../lib/gcc/avr/4.9.2/../../../../avr/lib/avr5\libm.a(mulsf3.o)
 .text.avr-libc.fplib
                0x00000000        0x8 c:/program files (x86)/atmel/studio/7.0/toolchain/avr8/avr8-gnu-toolchain/bin/../lib/gcc/avr/4.9.2/../../../../avr/lib/avr5\libm.a(mulsf3.o)
 .text          0x00000000        0x0 c:/program files (x86)/atmel/studio/7.0/toolchain/avr8/avr8-gnu-toolchain/bin/../lib/gcc/avr/4.9.2/../../../../avr/lib/avr5\libm.a(mulsf3x.o)
 .data          0x00000000        0x0 c:/program files (x86)/atmel/studio/7.0/toolchain/avr8/avr8-gnu-toolchain/bin/../lib/gcc/avr/4.9.2/../../../../avr/lib/avr5\libm.a(mulsf3x.o)
 .bss           0x00000000        0x0 c:/program files (x86)/atmel/studio/7.0/toolchain/avr8/avr8-gnu-toolchain/bin/../lib/gcc/avr/4.9.2/../../../../avr/lib/avr5\libm.a(mulsf3x.o)
 .text.avr-libc.fplib
                0x00000000       0xd2 c:/program files (x86)/atmel/studio/7.0/toolchain/avr8/avr8-gnu-toolchain/bin/../lib/gcc/avr/4.9.2/../../../../avr/lib/avr5\libm.a(mulsf3x.o)
 .text          0x00000000        0x0 c:/program files (x86)/atmel/studio/7.0/toolchain/avr8/avr8-gnu-toolchain/bin/../lib/gcc/avr/4.9.2/../../../../avr/lib/avr5\libm.a(square.o)
 .data          0x00000000        0x0 c:/program files (x86)/atmel/studio/7.0/toolchain/avr8/avr8-gnu-toolchain/bin/../lib/gcc/avr/4.9.2/../../../../avr/lib/avr5\libm.a(square.o)
 .bss           0x00000000        0x0 c:/program files (x86)/atmel/studio/7.0/toolchain/avr8/avr8-gnu-toolchain/bin/../lib/gcc/avr/4.9.2/../../../../avr/lib/avr5\libm.a(square.o)
 .text.avr-libc.fplib
                0x00000000        0x8 c:/program files (x86)/atmel/studio/7.0/toolchain/avr8/avr8-gnu-toolchain/bin/../lib/gcc/avr/4.9.2/../../../../avr/lib/avr5\libm.a(square.o)
 .text          0x00000000        0x0 c:/program files (x86)/atmel/studio/7.0/toolchain/avr8/avr8-gnu-toolchain/bin/../lib/gcc/avr/4.9.2/avr5\libgcc.a(_exit.o)
 .data          0x00000000        0x0 c:/program files (x86)/atmel/studio/7.0/toolchain/avr8/avr8-gnu-toolchain/bin/../lib/gcc/avr/4.9.2/avr5\libgcc.a(_exit.o)
 .bss           0x00000000        0x0 c:/program files (x86)/atmel/studio/7.0/toolchain/avr8/avr8-gnu-toolchain/bin/../lib/gcc/avr/4.9.2/avr5\libgcc.a(_exit.o)
 .text.libgcc.mul
                0x00000000        0x0 c:/program files (x86)/atmel/studio/7.0/toolchain/avr8/avr8-gnu-toolchain/bin/../lib/gcc/avr/4.9.2/avr5\libgcc.a(_exit.o)
 .text.libgcc.div
                0x00000000        0x0 c:/program files (x86)/atmel/studio/7.0/toolchain/avr8/avr8-gnu-toolchain/bin/../lib/gcc/avr/4.9.2/avr5\libgcc.a(_exit.o)
 .text.libgcc   0x00000000        0x0 c:/program files (x86)/atmel/studio/7.0/toolchain/avr8/avr8-gnu-toolchain/bin/../lib/gcc/avr/4.9.2/avr5\libgcc.a(_exit.o)
 .text.libgcc.prologue
                0x00000000        0x0 c:/program files (x86)/atmel/studio/7.0/toolchain/avr8/avr8-gnu-toolchain/bin/../lib/gcc/avr/4.9.2/avr5\libgcc.a(_exit.o)
 .text.libgcc.builtins
                0x00000000        0x0 c:/program files (x86)/atmel/studio/7.0/toolchain/avr8/avr8-gnu-toolchain/bin/../lib/gcc/avr/4.9.2/avr5\libgcc.a(_exit.o)
 .text.libgcc.fmul
                0x00000000        0x0 c:/program files (x86)/atmel/studio/7.0/toolchain/avr8/avr8-gnu-toolchain/bin/../lib/gcc/avr/4.9.2/avr5\libgcc.a(_exit.o)
 .text.libgcc.fixed
                0x00000000        0x0 c:/program files (x86)/atmel/studio/7.0/toolchain/avr8/avr8-gnu-toolchain/bin/../lib/gcc/avr/4.9.2/avr5\libgcc.a(_exit.o)
 .text          0x00000000        0x0 c:/program files (x86)/atmel/studio/7.0/toolchain/avr8/avr8-gnu-toolchain/bin/../lib/gcc/avr/4.9.2/avr5\libgcc.a(_tablejump2.o)
 .data          0x00000000        0x0 c:/program files (x86)/atmel/studio/7.0/toolchain/avr8/avr8-gnu-toolchain/bin/../lib/gcc/avr/4.9.2/avr5\libgcc.a(_tablejump2.o)
 .bss           0x00000000        0x0 c:/program files (x86)/atmel/studio/7.0/toolchain/avr8/avr8-gnu-toolchain/bin/../lib/gcc/avr/4.9.2/avr5\libgcc.a(_tablejump2.o)
 .text.libgcc.mul
                0x00000000        0x0 c:/program files (x86)/atmel/studio/7.0/toolchain/avr8/avr8-gnu-toolchain/bin/../lib/gcc/avr/4.9.2/avr5\libgcc.a(_tablejump2.o)
 .text.libgcc.div
                0x00000000        0x0 c:/program files (x86)/atmel/studio/7.0/toolchain/avr8/avr8-gnu-toolchain/bin/../lib/gcc/avr/4.9.2/avr5\libgcc.a(_tablejump2.o)
 .text.libgcc.prologue
                0x00000000        0x0 c:/program files (x86)/atmel/studio/7.0/toolchain/avr8/avr8-gnu-toolchain/bin/../lib/gcc/avr/4.9.2/avr5\libgcc.a(_tablejump2.o)
 .text.libgcc.builtins
                0x00000000        0x0 c:/program files (x86)/atmel/studio/7.0/toolchain/avr8/avr8-gnu-toolchain/bin/../lib/gcc/avr/4.9.2/avr5\libgcc.a(_tablejump2.o)
 .text.libgcc.fmul
                0x00000000        0x0 c:/program files (x86)/atmel/studio/7.0/toolchain/avr8/avr8-gnu-toolchain/bin/../lib/gcc/avr/4.9.2/avr5\libgcc.a(_tablejump2.o)
 .text.libgcc.fixed
                0x00000000        0x0 c:/program files (x86)/atmel/studio/7.0/toolchain/avr8/avr8-gnu-toolchain/bin/../lib/gcc/avr/4.9.2/avr5\libgcc.a(_tablejump2.o)
 .text          0x00000000        0x0 c:/program files (x86)/atmel/studio/7.0/toolchain/avr8/avr8-gnu-toolchain/bin/../lib/gcc/avr/4.9.2/avr5\libgcc.a(_copy_data.o)
 .data          0x00000000        0x0 c:/program files (x86)/atmel/studio/7.0/toolchain/avr8/avr8-gnu-toolchain/bin/../lib/gcc/avr/4.9.2/avr5\libgcc.a(_copy_data.o)
 .bss           0x00000000        0x0 c:/program files (x86)/atmel/studio/7.0/toolchain/avr8/avr8-gnu-toolchain/bin/../lib/gcc/avr/4.9.2/avr5\libgcc.a(_copy_data.o)
 .text.libgcc.mul
                0x00000000        0x0 c:/program files (x86)/atmel/studio/7.0/toolchain/avr8/avr8-gnu-toolchain/bin/../lib/gcc/avr/4.9.2/avr5\libgcc.a(_copy_data.o)
 .text.libgcc.div
                0x00000000        0x0 c:/program files (x86)/atmel/studio/7.0/toolchain/avr8/avr8-gnu-toolchain/bin/../lib/gcc/avr/4.9.2/avr5\libgcc.a(_copy_data.o)
 .text.libgcc   0x00000000        0x0 c:/program files (x86)/atmel/studio/7.0/toolchain/avr8/avr8-gnu-toolchain/bin/../lib/gcc/avr/4.9.2/avr5\libgcc.a(_copy_data.o)
 .text.libgcc.prologue
                0x00000000        0x0 c:/program files (x86)/atmel/studio/7.0/toolchain/avr8/avr8-gnu-toolchain/bin/../lib/gcc/avr/4.9.2/avr5\libgcc.a(_copy_data.o)
 .text.libgcc.builtins
                0x00000000        0x0 c:/program files (x86)/atmel/studio/7.0/toolchain/avr8/avr8-gnu-toolchain/bin/../lib/gcc/avr/4.9.2/avr5\libgcc.a(_copy_data.o)
 .text.libgcc.fmul
                0x00000000        0x0 c:/program files (x86)/atmel/studio/7.0/toolchain/avr8/avr8-gnu-toolchain/bin/../lib/gcc/avr/4.9.2/avr5\libgcc.a(_copy_data.o)
 .text.libgcc.fixed
                0x00000000        0x0 c:/program files (x86)/atmel/studio/7.0/toolchain/avr8/avr8-gnu-toolchain/bin/../lib/gcc/avr/4.9.2/avr5\libgcc.a(_copy_data.o)
 .text          0x00000000        0x0 c:/program files (x86)/atmel/studio/7.0/toolchain/avr8/avr8-gnu-toolchain/bin/../lib/gcc/avr/4.9.2/avr5\libgcc.a(_clear_bss.o)
 .data          0x00000000        0x0 c:/program files (x86)/atmel/studio/7.0/toolchain/avr8/avr8-gnu-toolchain/bin/../lib/gcc/avr/4.9.2/avr5\libgcc.a(_clear_bss.o)
 .bss           0x00000000        0x0 c:/program files (x86)/atmel/studio/7.0/toolchain/avr8/avr8-gnu-toolchain/bin/../lib/gcc/avr/4.9.2/avr5\libgcc.a(_clear_bss.o)
 .text.libgcc.mul
                0x00000000        0x0 c:/program files (x86)/atmel/studio/7.0/toolchain/avr8/avr8-gnu-toolchain/bin/../lib/gcc/avr/4.9.2/avr5\libgcc.a(_clear_bss.o)
 .text.libgcc.div
                0x00000000        0x0 c:/program files (x86)/atmel/studio/7.0/toolchain/avr8/avr8-gnu-toolchain/bin/../lib/gcc/avr/4.9.2/avr5\libgcc.a(_clear_bss.o)
 .text.libgcc   0x00000000        0x0 c:/program files (x86)/atmel/studio/7.0/toolchain/avr8/avr8-gnu-toolchain/bin/../lib/gcc/avr/4.9.2/avr5\libgcc.a(_clear_bss.o)
 .text.libgcc.prologue
                0x00000000        0x0 c:/program files (x86)/atmel/studio/7.0/toolchain/avr8/avr8-gnu-toolchain/bin/../lib/gcc/avr/4.9.2/avr5\libgcc.a(_clear_bss.o)
 .text.libgcc.builtins
                0x00000000        0x0 c:/program files (x86)/atmel/studio/7.0/toolchain/avr8/avr8-gnu-toolchain/bin/../lib/gcc/avr/4.9.2/avr5\libgcc.a(_clear_bss.o)
 .text.libgcc.fmul
                0x00000000        0x0 c:/program files (x86)/atmel/studio/7.0/toolchain/avr8/avr8-gnu-toolchain/bin/../lib/gcc/avr/4.9.2/avr5\libgcc.a(_clear_bss.o)
 .text.libgcc.fixed
                0x00000000        0x0 c:/program files (x86)/atmel/studio/7.0/toolchain/avr8/avr8-gnu-toolchain/bin/../lib/gcc/avr/4.9.2/avr5\libgcc.a(_clear_bss.o)
 .text          0x00000000        0x0 c:/program files (x86)/atmel/studio/7.0/toolchain/avr8/avr8-gnu-toolchain/bin/../lib/gcc/avr/4.9.2/avr5\libgcc.a(_adddi3.o)
 .data          0x00000000        0x0 c:/program files (x86)/atmel/studio/7.0/toolchain/avr8/avr8-gnu-toolchain/bin/../lib/gcc/avr/4.9.2/avr5\libgcc.a(_adddi3.o)
 .bss           0x00000000        0x0 c:/program files (x86)/atmel/studio/7.0/toolchain/avr8/avr8-gnu-toolchain/bin/../lib/gcc/avr/4.9.2/avr5\libgcc.a(_adddi3.o)
 .text.libgcc.mul
                0x00000000        0x0 c:/program files (x86)/atmel/studio/7.0/toolchain/avr8/avr8-gnu-toolchain/bin/../lib/gcc/avr/4.9.2/avr5\libgcc.a(_adddi3.o)
 .text.libgcc.div
                0x00000000        0x0 c:/program files (x86)/atmel/studio/7.0/toolchain/avr8/avr8-gnu-toolchain/bin/../lib/gcc/avr/4.9.2/avr5\libgcc.a(_adddi3.o)
 .text.libgcc.prologue
                0x00000000        0x0 c:/program files (x86)/atmel/studio/7.0/toolchain/avr8/avr8-gnu-toolchain/bin/../lib/gcc/avr/4.9.2/avr5\libgcc.a(_adddi3.o)
 .text.libgcc.builtins
                0x00000000        0x0 c:/program files (x86)/atmel/studio/7.0/toolchain/avr8/avr8-gnu-toolchain/bin/../lib/gcc/avr/4.9.2/avr5\libgcc.a(_adddi3.o)
 .text.libgcc.fmul
                0x00000000        0x0 c:/program files (x86)/atmel/studio/7.0/toolchain/avr8/avr8-gnu-toolchain/bin/../lib/gcc/avr/4.9.2/avr5\libgcc.a(_adddi3.o)
 .text.libgcc.fixed
                0x00000000        0x0 c:/program files (x86)/atmel/studio/7.0/toolchain/avr8/avr8-gnu-toolchain/bin/../lib/gcc/avr/4.9.2/avr5\libgcc.a(_adddi3.o)
 .text          0x00000000        0x0 c:/program files (x86)/atmel/studio/7.0/toolchain/avr8/avr8-gnu-toolchain/bin/../lib/gcc/avr/4.9.2/avr5\libgcc.a(_adddi3_s8.o)
 .data          0x00000000        0x0 c:/program files (x86)/atmel/studio/7.0/toolchain/avr8/avr8-gnu-toolchain/bin/../lib/gcc/avr/4.9.2/avr5\libgcc.a(_adddi3_s8.o)
 .bss           0x00000000        0x0 c:/program files (x86)/atmel/studio/7.0/toolchain/avr8/avr8-gnu-toolchain/bin/../lib/gcc/avr/4.9.2/avr5\libgcc.a(_adddi3_s8.o)
 .text.libgcc.mul
                0x00000000        0x0 c:/program files (x86)/atmel/studio/7.0/toolchain/avr8/avr8-gnu-toolchain/bin/../lib/gcc/avr/4.9.2/avr5\libgcc.a(_adddi3_s8.o)
 .text.libgcc.div
                0x00000000        0x0 c:/program files (x86)/atmel/studio/7.0/toolchain/avr8/avr8-gnu-toolchain/bin/../lib/gcc/avr/4.9.2/avr5\libgcc.a(_adddi3_s8.o)
 .text.libgcc.prologue
                0x00000000        0x0 c:/program files (x86)/atmel/studio/7.0/toolchain/avr8/avr8-gnu-toolchain/bin/../lib/gcc/avr/4.9.2/avr5\libgcc.a(_adddi3_s8.o)
 .text.libgcc.builtins
                0x00000000        0x0 c:/program files (x86)/atmel/studio/7.0/toolchain/avr8/avr8-gnu-toolchain/bin/../lib/gcc/avr/4.9.2/avr5\libgcc.a(_adddi3_s8.o)
 .text.libgcc.fmul
                0x00000000        0x0 c:/program files (x86)/atmel/studio/7.0/toolchain/avr8/avr8-gnu-toolchain/bin/../lib/gcc/avr/4.9.2/avr5\libgcc.a(_adddi3_s8.o)
 .text.libgcc.fixed
                0x00000000        0x0 c:/program files (x86)/atmel/studio/7.0/toolchain/avr8/avr8-gnu-toolchain/bin/../lib/gcc/avr/4.9.2/avr5\libgcc.a(_adddi3_s8.o)
 .text          0x00000000        0x0 c:/program files (x86)/atmel/studio/7.0/toolchain/avr8/avr8-gnu-toolchain/bin/../lib/gcc/avr/4.9.2/avr5\libgcc.a(_cmpdi2.o)
 .data          0x00000000        0x0 c:/program files (x86)/atmel/studio/7.0/toolchain/avr8/avr8-gnu-toolchain/bin/../lib/gcc/avr/4.9.2/avr5\libgcc.a(_cmpdi2.o)
 .bss           0x00000000        0x0 c:/program files (x86)/atmel/studio/7.0/toolchain/avr8/avr8-gnu-toolchain/bin/../lib/gcc/avr/4.9.2/avr5\libgcc.a(_cmpdi2.o)
 .text.libgcc.mul
                0x00000000        0x0 c:/program files (x86)/atmel/studio/7.0/toolchain/avr8/avr8-gnu-toolchain/bin/../lib/gcc/avr/4.9.2/avr5\libgcc.a(_cmpdi2.o)
 .text.libgcc.div
                0x00000000        0x0 c:/program files (x86)/atmel/studio/7.0/toolchain/avr8/avr8-gnu-toolchain/bin/../lib/gcc/avr/4.9.2/avr5\libgcc.a(_cmpdi2.o)
 .text.libgcc.prologue
                0x00000000        0x0 c:/program files (x86)/atmel/studio/7.0/toolchain/avr8/avr8-gnu-toolchain/bin/../lib/gcc/avr/4.9.2/avr5\libgcc.a(_cmpdi2.o)
 .text.libgcc.builtins
                0x00000000        0x0 c:/program files (x86)/atmel/studio/7.0/toolchain/avr8/avr8-gnu-toolchain/bin/../lib/gcc/avr/4.9.2/avr5\libgcc.a(_cmpdi2.o)
 .text.libgcc.fmul
                0x00000000        0x0 c:/program files (x86)/atmel/studio/7.0/toolchain/avr8/avr8-gnu-toolchain/bin/../lib/gcc/avr/4.9.2/avr5\libgcc.a(_cmpdi2.o)
 .text.libgcc.fixed
                0x00000000        0x0 c:/program files (x86)/atmel/studio/7.0/toolchain/avr8/avr8-gnu-toolchain/bin/../lib/gcc/avr/4.9.2/avr5\libgcc.a(_cmpdi2.o)
 .text          0x00000000        0x0 c:/program files (x86)/atmel/studio/7.0/toolchain/avr8/avr8-gnu-toolchain/bin/../lib/gcc/avr/4.9.2/../../../../avr/lib/avr5\libc.a(strcat_P.o)
 .data          0x00000000        0x0 c:/program files (x86)/atmel/studio/7.0/toolchain/avr8/avr8-gnu-toolchain/bin/../lib/gcc/avr/4.9.2/../../../../avr/lib/avr5\libc.a(strcat_P.o)
 .bss           0x00000000        0x0 c:/program files (x86)/atmel/studio/7.0/toolchain/avr8/avr8-gnu-toolchain/bin/../lib/gcc/avr/4.9.2/../../../../avr/lib/avr5\libc.a(strcat_P.o)
 .text.avr-libc
                0x00000000       0x16 c:/program files (x86)/atmel/studio/7.0/toolchain/avr8/avr8-gnu-toolchain/bin/../lib/gcc/avr/4.9.2/../../../../avr/lib/avr5\libc.a(strcat_P.o)
 .text          0x00000000        0x0 c:/program files (x86)/atmel/studio/7.0/toolchain/avr8/avr8-gnu-toolchain/bin/../lib/gcc/avr/4.9.2/../../../../avr/lib/avr5\libc.a(strcpy_P.o)
 .data          0x00000000        0x0 c:/program files (x86)/atmel/studio/7.0/toolchain/avr8/avr8-gnu-toolchain/bin/../lib/gcc/avr/4.9.2/../../../../avr/lib/avr5\libc.a(strcpy_P.o)
 .bss           0x00000000        0x0 c:/program files (x86)/atmel/studio/7.0/toolchain/avr8/avr8-gnu-toolchain/bin/../lib/gcc/avr/4.9.2/../../../../avr/lib/avr5\libc.a(strcpy_P.o)
 .text.avr-libc
                0x00000000        0xe c:/program files (x86)/atmel/studio/7.0/toolchain/avr8/avr8-gnu-toolchain/bin/../lib/gcc/avr/4.9.2/../../../../avr/lib/avr5\libc.a(strcpy_P.o)
 .text          0x00000000        0x0 c:/program files (x86)/atmel/studio/7.0/toolchain/avr8/avr8-gnu-toolchain/bin/../lib/gcc/avr/4.9.2/../../../../avr/lib/avr5\libc.a(strcmp.o)
 .data          0x00000000        0x0 c:/program files (x86)/atmel/studio/7.0/toolchain/avr8/avr8-gnu-toolchain/bin/../lib/gcc/avr/4.9.2/../../../../avr/lib/avr5\libc.a(strcmp.o)
 .bss           0x00000000        0x0 c:/program files (x86)/atmel/studio/7.0/toolchain/avr8/avr8-gnu-toolchain/bin/../lib/gcc/avr/4.9.2/../../../../avr/lib/avr5\libc.a(strcmp.o)
 .text.avr-libc
                0x00000000       0x12 c:/program files (x86)/atmel/studio/7.0/toolchain/avr8/avr8-gnu-toolchain/bin/../lib/gcc/avr/4.9.2/../../../../avr/lib/avr5\libc.a(strcmp.o)
 .text          0x00000000        0x0 c:/program files (x86)/atmel/studio/7.0/toolchain/avr8/avr8-gnu-toolchain/bin/../lib/gcc/avr/4.9.2/../../../../avr/lib/avr5\libc.a(strncmp.o)
 .data          0x00000000        0x0 c:/program files (x86)/atmel/studio/7.0/toolchain/avr8/avr8-gnu-toolchain/bin/../lib/gcc/avr/4.9.2/../../../../avr/lib/avr5\libc.a(strncmp.o)
 .bss           0x00000000        0x0 c:/program files (x86)/atmel/studio/7.0/toolchain/avr8/avr8-gnu-toolchain/bin/../lib/gcc/avr/4.9.2/../../../../avr/lib/avr5\libc.a(strncmp.o)

Memory Configuration

Name             Origin             Length             Attributes
text             0x00000000         0x00020000         xr
data             0x00800060         0x0000ffa0         rw !x
eeprom           0x00810000         0x00010000         rw !x
fuse             0x00820000         0x00000003         rw !x
lock             0x00830000         0x00000400         rw !x
signature        0x00840000         0x00000400         rw !x
user_signatures  0x00850000         0x00000400         rw !x
*default*        0x00000000         0xffffffff

Linker script and memory map

Address of section .data set to 0x800100
LOAD C:/Program Files (x86)/Atmel/Studio/7.0/Packs/atmel/ATmega_DFP/1.1.130/gcc/dev/atmega328pb/avr5/crtatmega328pb.o
LOAD BTD.o
LOAD funct.o
LOAD main.o
LOAD PS3BT.o
START GROUP
LOAD c:/program files (x86)/atmel/studio/7.0/toolchain/avr8/avr8-gnu-toolchain/bin/../lib/gcc/avr/4.9.2/../../../../avr/lib/avr5\libm.a
END GROUP
LOAD c:/program files (x86)/atmel/studio/7.0/toolchain/avr8/avr8-gnu-toolchain/bin/../lib/gcc/avr/4.9.2/avr5\libgcc.a
LOAD c:/program files (x86)/atmel/studio/7.0/toolchain/avr8/avr8-gnu-toolchain/bin/../lib/gcc/avr/4.9.2/../../../../avr/lib/avr5\libm.a
START GROUP
LOAD c:/program files (x86)/atmel/studio/7.0/toolchain/avr8/avr8-gnu-toolchain/bin/../lib/gcc/avr/4.9.2/avr5\libgcc.a
LOAD c:/program files (x86)/atmel/studio/7.0/toolchain/avr8/avr8-gnu-toolchain/bin/../lib/gcc/avr/4.9.2/../../../../avr/lib/avr5\libm.a
LOAD c:/program files (x86)/atmel/studio/7.0/toolchain/avr8/avr8-gnu-toolchain/bin/../lib/gcc/avr/4.9.2/../../../../avr/lib/avr5\libc.a
LOAD C:/Program Files (x86)/Atmel/Studio/7.0/Packs/atmel/ATmega_DFP/1.1.130/gcc/dev/atmega328pb/avr5\libatmega328pb.a
END GROUP
                0x00020000                __TEXT_REGION_LENGTH__ = DEFINED (__TEXT_REGION_LENGTH__)?__TEXT_REGION_LENGTH__:0x20000
                0x0000ffa0                __DATA_REGION_LENGTH__ = DEFINED (__DATA_REGION_LENGTH__)?__DATA_REGION_LENGTH__:0xffa0
                0x00010000                __EEPROM_REGION_LENGTH__ = DEFINED (__EEPROM_REGION_LENGTH__)?__EEPROM_REGION_LENGTH__:0x10000
                [0x00000003]                __FUSE_REGION_LENGTH__ = DEFINED (__FUSE_REGION_LENGTH__)?__FUSE_REGION_LENGTH__:0x400
                0x00000400                __LOCK_REGION_LENGTH__ = DEFINED (__LOCK_REGION_LENGTH__)?__LOCK_REGION_LENGTH__:0x400
                0x00000400                __SIGNATURE_REGION_LENGTH__ = DEFINED (__SIGNATURE_REGION_LENGTH__)?__SIGNATURE_REGION_LENGTH__:0x400
                0x00000400                __USER_SIGNATURE_REGION_LENGTH__ = DEFINED (__USER_SIGNATURE_REGION_LENGTH__)?__USER_SIGNATURE_REGION_LENGTH__:0x400

.hash
 *(.hash)

.dynsym
 *(.dynsym)

.dynstr
 *(.dynstr)

.gnu.version
 *(.gnu.version)

.gnu.version_d
 *(.gnu.version_d)

.gnu.version_r
 *(.gnu.version_r)

.rel.init
 *(.rel.init)

.rela.init
 *(.rela.init)

.rel.text
 *(.rel.text)
 *(.rel.text.*)
 *(.rel.gnu.linkonce.t*)

.rela.text
 *(.rela.text)
 *(.rela.text.*)
 *(.rela.gnu.linkonce.t*)

.rel.fini
 *(.rel.fini)

.rela.fini
 *(.rela.fini)

.rel.rodata
 *(.rel.rodata)
 *(.rel.rodata.*)
 *(.rel.gnu.linkonce.r*)

.rela.rodata
 *(.rela.rodata)
 *(.rela.rodata.*)
 *(.rela.gnu.linkonce.r*)

.rel.data
 *(.rel.data)
 *(.rel.data.*)
 *(.rel.gnu.linkonce.d*)

.rela.data
 *(.rela.data)
 *(.rela.data.*)
 *(.rela.gnu.linkonce.d*)

.rel.ctors
 *(.rel.ctors)

.rela.ctors
 *(.rela.ctors)

.rel.dtors
 *(.rel.dtors)

.rela.dtors
 *(.rela.dtors)

.rel.got
 *(.rel.got)

.rela.got
 *(.rela.got)

.rel.bss
 *(.rel.bss)

.rela.bss
 *(.rela.bss)

.rel.plt
 *(.rel.plt)

.rela.plt
 *(.rela.plt)

.text           0x00000000     0x2f24
 *(.vectors)
 .vectors       0x00000000       0xb4 C:/Program Files (x86)/Atmel/Studio/7.0/Packs/atmel/ATmega_DFP/1.1.130/gcc/dev/atmega328pb/avr5/crtatmega328pb.o
                0x00000000                __vector_default
                0x00000000                __vectors
 *(.vectors)
 *(.progmem.gcc*)
 .progmem.gcc_sw_table._ZN3BTD14HCI_event_taskEv
                0x000000b4       0x40 BTD.o
 .progmem.gcc_sw_table._ZN3BTD8HCI_taskEv
                0x000000f4       0x24 BTD.o
                0x00000118                . = ALIGN (0x2)
                0x00000118                __trampolines_start = .
 *(.trampolines)
 .trampolines   0x00000118        0x0 linker stubs
 *(.trampolines*)
                0x00000118                __trampolines_end = .
 *libprintf_flt.a:*(.progmem.data)
 *libc.a:*(.progmem.data)
 *(.progmem*)
 .progmem.data._ZZN3BTD8HCI_taskEvE3__c_30
                0x00000118       0x1f BTD.o
 .progmem.data._ZZN3BTD8HCI_taskEvE3__c_29
                0x00000137        0x2 BTD.o
 .progmem.data._ZZN3BTD8HCI_taskEvE3__c_28
                0x00000139       0x18 BTD.o
 .progmem.data._ZZN3BTD8HCI_taskEvE3__c_27
                0x00000151       0x1f BTD.o
 .progmem.data._ZZN3BTD8HCI_taskEvE3__c_26
                0x00000170       0x15 BTD.o
 .progmem.data._ZZN3BTD8HCI_taskEvE3__c_25
                0x00000185       0x18 BTD.o
 .progmem.data._ZZN3BTD8HCI_taskEvE3__c_24
                0x0000019d       0x19 BTD.o
 .progmem.data._ZZN3BTD8HCI_taskEvE3__c_23
                0x000001b6       0x18 BTD.o
 .progmem.data._ZZN3BTD8HCI_taskEvE3__c_22
                0x000001ce       0x10 BTD.o
 .progmem.data._ZZN3BTD8HCI_taskEvE3__c_21
                0x000001de       0x1e BTD.o
 .progmem.data._ZZN3BTD8HCI_taskEvE3__c_20
                0x000001fc       0x27 BTD.o
 .progmem.data._ZZN3BTD8HCI_taskEvE3__c_19
                0x00000223       0x1a BTD.o
 .progmem.data._ZZN3BTD8HCI_taskEvE3__c_18
                0x0000023d       0x17 BTD.o
 .progmem.data._ZZN3BTD8HCI_taskEvE3__c_17
                0x00000254       0x1b BTD.o
 .progmem.data._ZZN3BTD8HCI_taskEvE3__c_16
                0x0000026f       0x18 BTD.o
 .progmem.data._ZZN3BTD8HCI_taskEvE3__c_15
                0x00000287        0x7 BTD.o
 .progmem.data._ZZN3BTD8HCI_taskEvE3__c_14
                0x0000028e        0x8 BTD.o
 .progmem.data._ZZN3BTD8HCI_taskEvE3__c_13
                0x00000296       0x24 BTD.o
 .progmem.data._ZZN3BTD8HCI_taskEvE3__c_12
                0x000002ba       0x15 BTD.o
 .progmem.data._ZZN3BTD8HCI_taskEvE3__c_11
                0x000002cf       0x11 BTD.o
 .progmem.data._ZZN3BTD8HCI_taskEvE3__c_10
                0x000002e0       0x28 BTD.o
 .progmem.data._ZZN3BTD8HCI_taskEvE3__c_9
                0x00000308       0x13 BTD.o
 .progmem.data._ZZN3BTD8HCI_taskEvE3__c_8
                0x0000031b       0x10 BTD.o
 .progmem.data._ZZN3BTD8HCI_taskEvE3__c_7
                0x0000032b       0x29 BTD.o
 .progmem.data._ZZN3BTD8HCI_taskEvE3__c_6
                0x00000354       0x88 BTD.o
 .progmem.data._ZZN3BTD8HCI_taskEvE3__c_5
                0x000003dc       0x17 BTD.o
 .progmem.data._ZZN3BTD8HCI_taskEvE3__c_4
                0x000003f3        0x2 BTD.o
 .progmem.data._ZZN3BTD8HCI_taskEvE3__c_3
                0x000003f5       0x1c BTD.o
 .progmem.data._ZZN3BTD8HCI_taskEvE3__c_2
                0x00000411       0x18 BTD.o
 .progmem.data._ZZN3BTD8HCI_taskEvE3__c_1
                0x00000429       0x17 BTD.o
 .progmem.data._ZZN3BTD8HCI_taskEvE3__c_0
                0x00000440       0x1b BTD.o
 .progmem.data._ZZN3BTD8HCI_taskEvE3__c
                0x0000045b       0x15 BTD.o
 .progmem.data._ZZN3BTD14HCI_event_taskEvE3__c_24
                0x00000470       0x18 BTD.o
 .progmem.data._ZZN3BTD14HCI_event_taskEvE3__c_23
                0x00000488       0x13 BTD.o
 .progmem.data._ZZN3BTD14HCI_event_taskEvE3__c_22
                0x0000049b       0x25 BTD.o
 .progmem.data._ZZN3BTD14HCI_event_taskEvE3__c_21
                0x000004c0       0x22 BTD.o
 .progmem.data._ZZN3BTD14HCI_event_taskEvE3__c_20
                0x000004e2       0x17 BTD.o
 .progmem.data._ZZN3BTD14HCI_event_taskEvE3__c_19
                0x000004f9       0x11 BTD.o
 .progmem.data._ZZN3BTD14HCI_event_taskEvE3__c_18
                0x0000050a       0x1d BTD.o
 .progmem.data._ZZN3BTD14HCI_event_taskEvE3__c_17
                0x00000527       0x17 BTD.o
 .progmem.data._ZZN3BTD14HCI_event_taskEvE3__c_16
                0x0000053e        0x2 BTD.o
 .progmem.data._ZZN3BTD14HCI_event_taskEvE3__c_15
                0x00000540        0x2 BTD.o
 .progmem.data._ZZN3BTD14HCI_event_taskEvE3__c_14
                0x00000542       0x14 BTD.o
 .progmem.data._ZZN3BTD14HCI_event_taskEvE3__c_13
                0x00000556       0x18 BTD.o
 .progmem.data._ZZN3BTD14HCI_event_taskEvE3__c_12
                0x0000056e       0x19 BTD.o
 .progmem.data._ZZN3BTD14HCI_event_taskEvE3__c_11
                0x00000587       0x16 BTD.o
 .progmem.data._ZZN3BTD14HCI_event_taskEvE3__c_10
                0x0000059d       0x16 BTD.o
 .progmem.data._ZZN3BTD14HCI_event_taskEvE3__c_9
                0x000005b3       0x19 BTD.o
 .progmem.data._ZZN3BTD14HCI_event_taskEvE3__c_8
                0x000005cc       0x10 BTD.o
 .progmem.data._ZZN3BTD14HCI_event_taskEvE3__c_7
                0x000005dc       0x11 BTD.o
 .progmem.data._ZZN3BTD14HCI_event_taskEvE3__c_6
                0x000005ed        0xe BTD.o
 .progmem.data._ZZN3BTD14HCI_event_taskEvE3__c_5
                0x000005fb        0x2 BTD.o
 .progmem.data._ZZN3BTD14HCI_event_taskEvE3__c_4
                0x000005fd        0x2 BTD.o
 .progmem.data._ZZN3BTD14HCI_event_taskEvE3__c_3
                0x000005ff       0x14 BTD.o
 .progmem.data._ZZN3BTD14HCI_event_taskEvE3__c_2
                0x00000613       0x18 BTD.o
 .progmem.data._ZZN3BTD14HCI_event_taskEvE3__c_1
                0x0000062b       0x1b BTD.o
 .progmem.data._ZZN3BTD14HCI_event_taskEvE3__c_0
                0x00000646       0x18 BTD.o
 .progmem.data._ZZN3BTD14HCI_event_taskEvE3__c
                0x0000065e       0x17 BTD.o
 .progmem.data._ZL10FadeLookUp
                0x00000675       0xfe funct.o
 .progmem.data._ZZN5PS3BT7ACLDataEPhE3__c_4
                0x00000773       0x24 PS3BT.o
 .progmem.data._ZZN5PS3BT7ACLDataEPhE3__c_3
                0x00000797        0xe PS3BT.o
 .progmem.data._ZZN5PS3BT7ACLDataEPhE3__c_2
                0x000007a5        0x2 PS3BT.o
 .progmem.data._ZZN5PS3BT7ACLDataEPhE3__c_1
                0x000007a7        0x8 PS3BT.o
 .progmem.data._ZZN5PS3BT7ACLDataEPhE3__c_0
                0x000007af        0x2 PS3BT.o
 .progmem.data._ZZN5PS3BT7ACLDataEPhE3__c
                0x000007b1       0x23 PS3BT.o
 .progmem.data._ZL8PS3_LEDS
                0x000007d4        0xb PS3BT.o
 .progmem.data._ZL17PS3_REPORT_BUFFER
                0x000007df       0x30 PS3BT.o
                0x00000810                . = ALIGN (0x2)
 *fill*         0x0000080f        0x1 
 *(.jumptables)
 *(.jumptables*)
 *(.lowtext)
 *(.lowtext*)
                0x00000810                __ctors_start = .
 *(.ctors)
                0x00000810                __ctors_end = .
                0x00000810                __dtors_start = .
 *(.dtors)
                0x00000810                __dtors_end = .
 SORT(*)(.ctors)
 SORT(*)(.dtors)
 *(.init0)
 .init0         0x00000810        0x0 C:/Program Files (x86)/Atmel/Studio/7.0/Packs/atmel/ATmega_DFP/1.1.130/gcc/dev/atmega328pb/avr5/crtatmega328pb.o
                0x00000810                __init
 *(.init0)
 *(.init1)
 *(.init1)
 *(.init2)
 .init2         0x00000810        0xc C:/Program Files (x86)/Atmel/Studio/7.0/Packs/atmel/ATmega_DFP/1.1.130/gcc/dev/atmega328pb/avr5/crtatmega328pb.o
 *(.init2)
 *(.init3)
 *(.init3)
 *(.init4)
 .init4         0x0000081c       0x16 c:/program files (x86)/atmel/studio/7.0/toolchain/avr8/avr8-gnu-toolchain/bin/../lib/gcc/avr/4.9.2/avr5\libgcc.a(_copy_data.o)
                0x0000081c                __do_copy_data
 .init4         0x00000832       0x10 c:/program files (x86)/atmel/studio/7.0/toolchain/avr8/avr8-gnu-toolchain/bin/../lib/gcc/avr/4.9.2/avr5\libgcc.a(_clear_bss.o)
                0x00000832                __do_clear_bss
 *(.init4)
 *(.init5)
 *(.init5)
 *(.init6)
 *(.init6)
 *(.init7)
 *(.init7)
 *(.init8)
 *(.init8)
 *(.init9)
 .init9         0x00000842        0x8 C:/Program Files (x86)/Atmel/Studio/7.0/Packs/atmel/ATmega_DFP/1.1.130/gcc/dev/atmega328pb/avr5/crtatmega328pb.o
 *(.init9)
 *(.text)
 .text          0x0000084a        0x4 C:/Program Files (x86)/Atmel/Studio/7.0/Packs/atmel/ATmega_DFP/1.1.130/gcc/dev/atmega328pb/avr5/crtatmega328pb.o
                0x0000084a                __vector_38
                0x0000084a                __vector_22
                0x0000084a                __vector_28
                0x0000084a                __vector_1
                0x0000084a                __vector_32
                0x0000084a                __vector_34
                0x0000084a                __vector_24
                0x0000084a                __vector_12
                0x0000084a                __bad_interrupt
                0x0000084a                __vector_6
                0x0000084a                __vector_31
                0x0000084a                __vector_35
                0x0000084a                __vector_39
                0x0000084a                __vector_3
                0x0000084a                __vector_23
                0x0000084a                __vector_30
                0x0000084a                __vector_25
                0x0000084a                __vector_11
                0x0000084a                __vector_13
                0x0000084a                __vector_17
                0x0000084a                __vector_19
                0x0000084a                __vector_7
                0x0000084a                __vector_43
                0x0000084a                __vector_27
                0x0000084a                __vector_5
                0x0000084a                __vector_33
                0x0000084a                __vector_37
                0x0000084a                __vector_4
                0x0000084a                __vector_44
                0x0000084a                __vector_9
                0x0000084a                __vector_2
                0x0000084a                __vector_21
                0x0000084a                __vector_15
                0x0000084a                __vector_36
                0x0000084a                __vector_40
                0x0000084a                __vector_8
                0x0000084a                __vector_26
                0x0000084a                __vector_14
                0x0000084a                __vector_10
                0x0000084a                __vector_16
                0x0000084a                __vector_20
                0x0000084a                __vector_42
                0x0000084e                . = ALIGN (0x2)
 *(.text.*)
 .text._ZN3BTD10InitializeEv
                0x0000084e       0x2e BTD.o
                0x0000084e                _ZN3BTD10InitializeEv
 .text._ZN3BTDC2Ev
                0x0000087c       0x4a BTD.o
                0x0000087c                _ZN3BTDC1Ev
                0x0000087c                _ZN3BTDC2Ev
 .text._ZN3BTD11HCI_CommandEPhj
                0x000008c6       0x54 BTD.o
                0x000008c6                _ZN3BTD11HCI_CommandEPhj
 .text._ZN3BTD9hci_resetEv
                0x0000091a       0x24 BTD.o
                0x0000091a                _ZN3BTD9hci_resetEv
 .text._ZN3BTD21hci_write_scan_enableEv
                0x0000093e       0x46 BTD.o
                0x0000093e                _ZN3BTD21hci_write_scan_enableEv
 .text._ZN3BTD15hci_read_bdaddrEv
                0x00000984       0x2a BTD.o
                0x00000984                _ZN3BTD15hci_read_bdaddrEv
 .text._ZN3BTD34hci_read_local_version_informationEv
                0x000009ae       0x2a BTD.o
                0x000009ae                _ZN3BTD34hci_read_local_version_informationEv
 .text._ZN3BTD21hci_accept_connectionEv
                0x000009d8       0x62 BTD.o
                0x000009d8                _ZN3BTD21hci_accept_connectionEv
 .text._ZN3BTD15hci_remote_nameEv
                0x00000a3a       0x6a BTD.o
                0x00000a3a                _ZN3BTD15hci_remote_nameEv
 .text._ZN3BTD18hci_set_local_nameEPKc
                0x00000aa4       0x84 BTD.o
                0x00000aa4                _ZN3BTD18hci_set_local_nameEPKc
 .text._ZN3BTD11hci_inquiryEv
                0x00000b28       0x40 BTD.o
                0x00000b28                _ZN3BTD11hci_inquiryEv
 .text._ZN3BTD18hci_inquiry_cancelEv
                0x00000b68       0x1a BTD.o
                0x00000b68                _ZN3BTD18hci_inquiry_cancelEv
 .text._ZN3BTD11hci_connectEPh
                0x00000b82       0x6e BTD.o
                0x00000b82                _ZN3BTD11hci_connectEPh
 .text._ZN3BTD11hci_connectEv
                0x00000bf0        0xc BTD.o
                0x00000bf0                _ZN3BTD11hci_connectEv
 .text._ZN3BTD26hci_pin_code_request_replyEv
                0x00000bfc      0x102 BTD.o
                0x00000bfc                _ZN3BTD26hci_pin_code_request_replyEv
 .text._ZN3BTD35hci_pin_code_negative_request_replyEv
                0x00000cfe       0x50 BTD.o
                0x00000cfe                _ZN3BTD35hci_pin_code_negative_request_replyEv
 .text._ZN3BTD35hci_link_key_request_negative_replyEv
                0x00000d4e       0x50 BTD.o
                0x00000d4e                _ZN3BTD35hci_link_key_request_negative_replyEv
 .text._ZN3BTD26hci_authentication_requestEv
                0x00000d9e       0x2e BTD.o
                0x00000d9e                _ZN3BTD26hci_authentication_requestEv
 .text._ZN3BTD14hci_disconnectEj
                0x00000dcc       0x36 BTD.o
                0x00000dcc                _ZN3BTD14hci_disconnectEj
 .text._ZN3BTD14HCI_event_taskEv
                0x00000e02      0x5cc BTD.o
                0x00000e02                _ZN3BTD14HCI_event_taskEv
 .text._ZN3BTD25hci_write_class_of_deviceEv
                0x000013ce       0x24 BTD.o
                0x000013ce                _ZN3BTD25hci_write_class_of_deviceEv
 .text._ZN3BTD8HCI_taskEv
                0x000013f2      0x660 BTD.o
                0x000013f2                _ZN3BTD8HCI_taskEv
 .text._ZN3BTD13L2CAP_CommandEjPhhhh
                0x00001a52       0xc0 BTD.o
                0x00001a52                _ZN3BTD13L2CAP_CommandEjPhhhh
 .text._ZN3BTD25l2cap_connection_responseEjhPhS0_h
                0x00001b12       0x7a BTD.o
                0x00001b12                _ZN3BTD25l2cap_connection_responseEjhPhS0_h
 .text._ZN3BTD20l2cap_config_requestEjhPh
                0x00001b8c       0x6a BTD.o
                0x00001b8c                _ZN3BTD20l2cap_config_requestEjhPh
 .text._ZN3BTD21l2cap_config_responseEjhPh
                0x00001bf6       0x72 BTD.o
                0x00001bf6                _ZN3BTD21l2cap_config_responseEjhPh
 .text._ZN3BTD27l2cap_disconnection_requestEjhPhS0_
                0x00001c68       0x6a BTD.o
                0x00001c68                _ZN3BTD27l2cap_disconnection_requestEjhPhS0_
 .text._ZN3BTD28l2cap_disconnection_responseEjhPhS0_
                0x00001cd2       0x6a BTD.o
                0x00001cd2                _ZN3BTD28l2cap_disconnection_responseEjhPhS0_
 .text._Z7Init_T4h
                0x00001d3c       0x22 funct.o
                0x00001d3c                _Z7Init_T4h
 .text._Z11Init_PWM_T3h
                0x00001d5e       0x18 funct.o
                0x00001d5e                _Z11Init_PWM_T3h
 .text._Z10hexToASCIIh
                0x00001d76        0xc funct.o
                0x00001d76                _Z10hexToASCIIh
 .text._Z11hexToStringh
                0x00001d82       0x30 funct.o
                0x00001d82                _Z11hexToStringh
 .text._Z11USART0_Initj
                0x00001db2       0x1a funct.o
                0x00001db2                _Z11USART0_Initj
 .text._Z15USART0_Transmith
                0x00001dcc       0x10 funct.o
                0x00001dcc                _Z15USART0_Transmith
 .text._Z11USART1_Initj
                0x00001ddc       0x16 funct.o
                0x00001ddc                _Z11USART1_Initj
 .text._Z15USART1_Transmith
                0x00001df2       0x60 funct.o
                0x00001df2                _Z15USART1_Transmith
 .text._Z16printStringCRNL1PKc
                0x00001e52       0x2a funct.o
                0x00001e52                _Z16printStringCRNL1PKc
 .text._Z12printString1PKc
                0x00001e7c       0x1e funct.o
                0x00001e7c                _Z12printString1PKc
 .text._Z6NotifyPKch
                0x00001e9a       0x26 funct.o
                0x00001e9a                _Z6NotifyPKch
 .text._Z10D_PrintHexhh
                0x00001ec0        0xa funct.o
                0x00001ec0                _Z10D_PrintHexhh
 .text._Z7NotifySch
                0x00001eca        0x6 funct.o
                0x00001eca                _Z7NotifySch
 .text._Z11setThingsUpv
                0x00001ed0       0x1e funct.o
                0x00001ed0                _Z11setThingsUpv
 .text._Z6millisv
                0x00001eee       0x22 funct.o
                0x00001eee                _Z6millisv
 .text._Z5delayj
                0x00001f10       0xcc funct.o
                0x00001f10                _Z5delayj
 .text.__vector_18
                0x00001fdc      0x154 funct.o
                0x00001fdc                __vector_18
 .text.__vector_29
                0x00002130       0x74 funct.o
                0x00002130                __vector_29
 .text.__vector_41
                0x000021a4      0x190 funct.o
                0x000021a4                __vector_41
 .text.main     0x00002334       0xa0 main.o
                0x00002334                main
 .text._ZN5PS3BT5ResetEv
                0x000023d4       0x3a PS3BT.o
                0x000023d4                _ZN5PS3BT5ResetEv
 .text._ZN5PS3BT10disconnectEv
                0x0000240e       0x44 PS3BT.o
                0x0000240e                _ZN5PS3BT10disconnectEv
 .text._ZN5PS3BTC2EP3BTDhhhhhh
                0x00002452       0x90 PS3BT.o
                0x00002452                _ZN5PS3BTC1EP3BTDhhhhhh
                0x00002452                _ZN5PS3BTC2EP3BTDhhhhhh
 .text._ZN5PS3BT10L2CAP_taskEv
                0x000024e2      0x1b2 PS3BT.o
                0x000024e2                _ZN5PS3BT10L2CAP_taskEv
 .text._ZN5PS3BT7ACLDataEPh
                0x00002694      0x430 PS3BT.o
                0x00002694                _ZN5PS3BT7ACLDataEPh
 .text._ZN5PS3BT11HID_CommandEPhh
                0x00002ac4       0xbc PS3BT.o
                0x00002ac4                _ZN5PS3BT11HID_CommandEPhh
 .text._ZN5PS3BT9setLedRawEh
                0x00002b80       0x18 PS3BT.o
                0x00002b80                _ZN5PS3BT9setLedRawEh
 .text._ZN5PS3BT8setLedOnE7LEDEnum
                0x00002b98       0x32 PS3BT.o
                0x00002b98                _ZN5PS3BT8setLedOnE7LEDEnum
 .text._ZN5PS3BT14enable_sixaxisEv
                0x00002bca       0x40 PS3BT.o
                0x00002bca                _ZN5PS3BT14enable_sixaxisEv
 .text._ZN5PS3BT15HIDMove_CommandEPhh
                0x00002c0a       0xbc PS3BT.o
                0x00002c0a                _ZN5PS3BT15HIDMove_CommandEPhh
 .text._ZN5PS3BT3RunEv
                0x00002cc6      0x166 PS3BT.o
                0x00002cc6                _ZN5PS3BT3RunEv
 .text._ZN5PS3BT11moveSetBulbEhhh
                0x00002e2c       0x1e PS3BT.o
                0x00002e2c                _ZN5PS3BT11moveSetBulbEhhh
 .text._ZN5PS3BT11moveSetBulbE10ColorsEnum
                0x00002e4a       0x42 PS3BT.o
                0x00002e4a                _ZN5PS3BT11moveSetBulbE10ColorsEnum
 .text._ZN5PS3BT6onInitEv
                0x00002e8c       0x30 PS3BT.o
                0x00002e8c                _ZN5PS3BT6onInitEv
 .text.libgcc   0x00002ebc        0xc c:/program files (x86)/atmel/studio/7.0/toolchain/avr8/avr8-gnu-toolchain/bin/../lib/gcc/avr/4.9.2/avr5\libgcc.a(_tablejump2.o)
                0x00002ebc                __tablejump2__
 .text.libgcc   0x00002ec8       0x12 c:/program files (x86)/atmel/studio/7.0/toolchain/avr8/avr8-gnu-toolchain/bin/../lib/gcc/avr/4.9.2/avr5\libgcc.a(_adddi3.o)
                0x00002ec8                __adddi3
 .text.libgcc   0x00002eda       0x18 c:/program files (x86)/atmel/studio/7.0/toolchain/avr8/avr8-gnu-toolchain/bin/../lib/gcc/avr/4.9.2/avr5\libgcc.a(_adddi3_s8.o)
                0x00002eda                __adddi3_s8
 .text.libgcc   0x00002ef2       0x12 c:/program files (x86)/atmel/studio/7.0/toolchain/avr8/avr8-gnu-toolchain/bin/../lib/gcc/avr/4.9.2/avr5\libgcc.a(_cmpdi2.o)
                0x00002ef2                __cmpdi2
 .text.avr-libc
                0x00002f04       0x1c c:/program files (x86)/atmel/studio/7.0/toolchain/avr8/avr8-gnu-toolchain/bin/../lib/gcc/avr/4.9.2/../../../../avr/lib/avr5\libc.a(strncmp.o)
                0x00002f04                strncmp
                0x00002f20                . = ALIGN (0x2)
 *(.fini9)
 .fini9         0x00002f20        0x0 c:/program files (x86)/atmel/studio/7.0/toolchain/avr8/avr8-gnu-toolchain/bin/../lib/gcc/avr/4.9.2/avr5\libgcc.a(_exit.o)
                0x00002f20                _exit
                0x00002f20                exit
 *(.fini9)
 *(.fini8)
 *(.fini8)
 *(.fini7)
 *(.fini7)
 *(.fini6)
 *(.fini6)
 *(.fini5)
 *(.fini5)
 *(.fini4)
 *(.fini4)
 *(.fini3)
 *(.fini3)
 *(.fini2)
 *(.fini2)
 *(.fini1)
 *(.fini1)
 *(.fini0)
 .fini0         0x00002f20        0x4 c:/program files (x86)/atmel/studio/7.0/toolchain/avr8/avr8-gnu-toolchain/bin/../lib/gcc/avr/4.9.2/avr5\libgcc.a(_exit.o)
 *(.fini0)
                0x00002f24                _etext = .

.data           0x00800100       0xfa load address 0x00002f24
                0x00800100                PROVIDE (__data_start, .)
 *(.data)
 *(.data*)
 .data._ZZ11__vector_41E2up
                0x00800100        0x1 funct.o
 .data.Buf_top  0x00800101        0x2 funct.o
                0x00800101                Buf_top
 .data.Event_Length
                0x00800103        0x2 funct.o
                0x00800103                Event_Length
 *(.rodata)
 *(.rodata*)
 .rodata.str1.1
                0x00800105       0x69 BTD.o
 .rodata.str1.1
                0x0080016e       0x5b funct.o
 .rodata.str1.1
                0x008001c9       0x18 main.o
 .rodata.str1.1
                0x008001e1        0xb PS3BT.o
 .rodata._ZTV5PS3BT
                0x008001ec        0xe PS3BT.o
                0x008001ec                _ZTV5PS3BT
 *(.gnu.linkonce.d*)
                0x008001fa                . = ALIGN (0x2)
                0x008001fa                _edata = .
                0x008001fa                PROVIDE (__data_end, .)

.bss            0x008001fa      0x278
                0x008001fa                PROVIDE (__bss_start, .)
 *(.bss)
 *(.bss*)
 .bss._ZZ11__vector_41E1d
                0x008001fa        0x1 funct.o
 .bss._ZZ11__vector_41E1i
                0x008001fb        0x1 funct.o
 .bss._ZZ11__vector_41E5count
                0x008001fc        0x1 funct.o
 .bss._ZZ11__vector_18E5count
                0x008001fd        0x2 funct.o
 .bss._ZZ11__vector_18E10Event_Head
                0x008001ff        0x1 funct.o
 .bss._ZZ11__vector_18E21EVENT_HEADER_RECEIVED
                0x00800200        0x1 funct.o
 .bss._ZZ11__vector_18E5dtemp
                0x00800201        0x1 funct.o
 .bss._ZZ5delayjE2tp
                0x00800202        0x8 funct.o
 .bss._ZZ11hexToStringhE5ascii
                0x0080020a        0x3 funct.o
 .bss._ZZ11hexToStringhE4temp
                0x0080020d        0x1 funct.o
 .bss.ACL_DATA_RECEIVED
                0x0080020e        0x1 funct.o
                0x0080020e                ACL_DATA_RECEIVED
 .bss.EVENT_RECEIVED
                0x0080020f        0x1 funct.o
                0x0080020f                EVENT_RECEIVED
 .bss.tx1_pl    0x00800210        0x1 funct.o
                0x00800210                tx1_pl
 .bss.tx1_ph    0x00800211        0x1 funct.o
                0x00800211                tx1_ph
 .bss.tx1buf    0x00800212      0x12c funct.o
                0x00800212                tx1buf
 .bss.hcibuf    0x0080033e      0x12c funct.o
                0x0080033e                hcibuf
 .bss.time      0x0080046a        0x8 funct.o
                0x0080046a                time
 *(COMMON)
                0x00800472                PROVIDE (__bss_end, .)
                0x00002f24                __data_load_start = LOADADDR (.data)
                0x0000301e                __data_load_end = (__data_load_start + SIZEOF (.data))

.noinit         0x00800472        0x0
                [!provide]                PROVIDE (__noinit_start, .)
 *(.noinit*)
                [!provide]                PROVIDE (__noinit_end, .)
                0x00800472                _end = .
                [!provide]                PROVIDE (__heap_start, .)

.eeprom         0x00810000        0x0
 *(.eeprom*)
                0x00810000                __eeprom_end = .

.fuse
 *(.fuse)
 *(.lfuse)
 *(.hfuse)
 *(.efuse)

.lock
 *(.lock*)

.signature
 *(.signature*)

.user_signatures
 *(.user_signatures*)

.stab
 *(.stab)

.stabstr
 *(.stabstr)

.stab.excl
 *(.stab.excl)

.stab.exclstr
 *(.stab.exclstr)

.stab.index
 *(.stab.index)

.stab.indexstr
 *(.stab.indexstr)

.comment        0x00000000       0x30
 *(.comment)
 .comment       0x00000000       0x30 BTD.o
                                 0x31 (size before relaxing)
 .comment       0x00000030       0x31 funct.o
 .comment       0x00000030       0x31 main.o
 .comment       0x00000030       0x31 PS3BT.o

.note.gnu.avr.deviceinfo
                0x00000000       0x40
 .note.gnu.avr.deviceinfo
                0x00000000       0x40 C:/Program Files (x86)/Atmel/Studio/7.0/Packs/atmel/ATmega_DFP/1.1.130/gcc/dev/atmega328pb/avr5/crtatmega328pb.o

.note.gnu.build-id
 *(.note.gnu.build-id)

.debug
 *(.debug)

.line
 *(.line)

.debug_srcinfo
 *(.debug_srcinfo)

.debug_sfnames
 *(.debug_sfnames)

.debug_aranges  0x00000000      0x3c8
 *(.debug_aranges)
 .debug_aranges
                0x00000000      0x138 BTD.o
 .debug_aranges
                0x00000138      0x160 funct.o
 .debug_aranges
                0x00000298       0x20 main.o
 .debug_aranges
                0x000002b8      0x110 PS3BT.o

.debug_pubnames
 *(.debug_pubnames)

.debug_info     0x00000000     0x7ede
 *(.debug_info .gnu.linkonce.wi.*)
 .debug_info    0x00000000      0x8ea C:/Program Files (x86)/Atmel/Studio/7.0/Packs/atmel/ATmega_DFP/1.1.130/gcc/dev/atmega328pb/avr5/crtatmega328pb.o
 .debug_info    0x000008ea     0x2741 BTD.o
 .debug_info    0x0000302b     0x1236 funct.o
 .debug_info    0x00004261      0xe1b main.o
 .debug_info    0x0000507c     0x2e62 PS3BT.o

.debug_abbrev   0x00000000     0x1930
 *(.debug_abbrev)
 .debug_abbrev  0x00000000      0x86e C:/Program Files (x86)/Atmel/Studio/7.0/Packs/atmel/ATmega_DFP/1.1.130/gcc/dev/atmega328pb/avr5/crtatmega328pb.o
 .debug_abbrev  0x0000086e      0x424 BTD.o
 .debug_abbrev  0x00000c92      0x38e funct.o
 .debug_abbrev  0x00001020      0x38d main.o
 .debug_abbrev  0x000013ad      0x583 PS3BT.o

.debug_line     0x00000000     0x3025
 *(.debug_line .debug_line.* .debug_line_end)
 .debug_line    0x00000000      0x1a5 C:/Program Files (x86)/Atmel/Studio/7.0/Packs/atmel/ATmega_DFP/1.1.130/gcc/dev/atmega328pb/avr5/crtatmega328pb.o
 .debug_line    0x000001a5     0x12a1 BTD.o
 .debug_line    0x00001446      0xcfb funct.o
 .debug_line    0x00002141      0x18a main.o
 .debug_line    0x000022cb      0xd5a PS3BT.o

.debug_frame    0x00000000      0xc80
 *(.debug_frame)
 .debug_frame   0x00000000      0x3cc BTD.o
 .debug_frame   0x000003cc      0x438 funct.o
 .debug_frame   0x00000804       0x38 main.o
 .debug_frame   0x0000083c      0x444 PS3BT.o

.debug_str      0x00000000     0x1f8e
 *(.debug_str)
 .debug_str     0x00000000      0x318 C:/Program Files (x86)/Atmel/Studio/7.0/Packs/atmel/ATmega_DFP/1.1.130/gcc/dev/atmega328pb/avr5/crtatmega328pb.o
 .debug_str     0x00000318      0xe13 BTD.o
                                0xe9f (size before relaxing)
 .debug_str     0x0000112b      0x4ab funct.o
                                0x73c (size before relaxing)
 .debug_str     0x000015d6       0xc8 main.o
                                0xe59 (size before relaxing)
 .debug_str     0x0000169e      0x8f0 PS3BT.o
                               0x17d5 (size before relaxing)

.debug_loc      0x00000000     0x410e
 *(.debug_loc)
 .debug_loc     0x00000000     0x1946 BTD.o
 .debug_loc     0x00001946      0xe7f funct.o
 .debug_loc     0x000027c5       0x7a main.o
 .debug_loc     0x0000283f     0x18cf PS3BT.o

.debug_macinfo
 *(.debug_macinfo)

.debug_weaknames
 *(.debug_weaknames)

.debug_funcnames
 *(.debug_funcnames)

.debug_typenames
 *(.debug_typenames)

.debug_varnames
 *(.debug_varnames)

.debug_pubtypes
 *(.debug_pubtypes)

.debug_ranges   0x00000000      0x408
 *(.debug_ranges)
 .debug_ranges  0x00000000      0x190 BTD.o
 .debug_ranges  0x00000190      0x168 funct.o
 .debug_ranges  0x000002f8       0x10 main.o
 .debug_ranges  0x00000308      0x100 PS3BT.o

.debug_macro
 *(.debug_macro)
OUTPUT(MonsterTruck-BT-PS3.elf elf32-avr)
LOAD linker stubs
